stderr Warning: can't find the initialization file spinit.
stdout ******
stdout ** ngspice-46 shared library
stdout ** Creation Date: Apr 14 2026   05:15:29
stdout ******
stdout ******
stdout ** ngspice-46 : Circuit level simulation program
stdout ** Compiled with KLU Direct Linear Solver
stdout ** The U. C. Berkeley CAD Group
stdout ** Copyright 1985-1994, Regents of the University of California.
stdout ** Copyright 2001-2025, The ngspice team.
stdout ** Please get your ngspice manual from https://ngspice.sourceforge.io/docs.html
stdout ** Please file your bug-reports at https://ngspice.sourceforge.io/bugrep.html
stdout ** Creation Date: Apr 14 2026   05:15:29
stdout ******
stdout Note: No compatibility mode selected!
stdout Circuit: bus_divider: ideal passive layout-entry audit
stdout Doing analysis at TEMP = 27.000000 and TNOM = 27.000000
stdout Using SPARSE 1.3 as Direct Linear Solver
stdout No. of Data Rows : 25
stdout Note: No compatibility mode selected!
stdout Circuit: ocp_references: ideal passive layout-entry audit
stdout Doing analysis at TEMP = 27.000000 and TNOM = 27.000000
stdout Using SPARSE 1.3 as Direct Linear Solver
stdout No. of Data Rows : 21
stdout Note: No compatibility mode selected!
stdout Circuit: bus_filter_step: ideal passive layout-entry audit
stdout Doing analysis at TEMP = 27.000000 and TNOM = 27.000000
stdout Using SPARSE 1.3 as Direct Linear Solver
stdout Operating point simulation skipped by 'uic',
stdout now using transient initial conditions.
stdout No. of Data Rows : 1037
stdout Note: No compatibility mode selected!
stdout Circuit: current_filter_step: ideal passive layout-entry audit
stdout Doing analysis at TEMP = 27.000000 and TNOM = 27.000000
stdout Using SPARSE 1.3 as Direct Linear Solver
stdout Operating point simulation skipped by 'uic',
stdout now using transient initial conditions.
stdout No. of Data Rows : 1035
stdout Note: No compatibility mode selected!
stdout Circuit: clear_filter_step: ideal passive layout-entry audit
stdout Doing analysis at TEMP = 27.000000 and TNOM = 27.000000
stdout Using SPARSE 1.3 as Direct Linear Solver
stdout Operating point simulation skipped by 'uic',
stdout now using transient initial conditions.
stdout No. of Data Rows : 1035
stdout Note: No compatibility mode selected!
stdout Circuit: regen_ideal_unsunk: ideal passive layout-entry audit
stdout Doing analysis at TEMP = 27.000000 and TNOM = 27.000000
stdout Using SPARSE 1.3 as Direct Linear Solver
stdout Operating point simulation skipped by 'uic',
stdout now using transient initial conditions.
stdout No. of Data Rows : 1411
